// Jest Snapshot v1, https://goo.gl/fbAQLP

exports[`src/openapi/openapi Path parameters should succeed 1`] = `
{
  "components": {
    "parameters": {
      "username": {
        "description": "Parameter without description.",
        "in": "path",
        "name": "username",
        "required": true,
        "schema": {
          "description": "Parameter without description.",
          "type": "string",
        },
      },
    },
  },
  "info": {
    "contact": {
      "email": "nelson.ricardo.gomes@gmail.com",
    },
    "description": "Some test api",
    "license": {
      "name": "Apache 2.0",
      "url": "http://www.apache.org/licenses/LICENSE-2.0.html",
    },
    "termsOfService": "http://swagger.io/terms/",
    "title": "Server API",
    "version": "1.0.0",
  },
  "openapi": "3.0.3",
  "paths": {
    "/test/{username}": {
      "get": {
        "description": "Test endpoint",
        "operationId": "id",
        "parameters": [
          {
            "$ref": "#/components/parameters/username",
          },
        ],
        "responses": {
          "200": {
            "content": {
              "text-plain": {},
            },
            "description": "Successful operation.",
          },
        },
        "summary": "Server Test",
        "tags": [
          "Internals",
        ],
      },
    },
  },
  "servers": [
    {
      "url": "https://server.com",
    },
  ],
}
`;
